
> luxelese-solutions-backend@1.0.0 dev
> nodemon server.js

[33m[nodemon] 3.1.11[39m
[33m[nodemon] to restart at any time, enter `rs`[39m
[33m[nodemon] watching path(s): *.*[39m
[33m[nodemon] watching extensions: js,mjs,cjs,json[39m
[32m[nodemon] starting `node server.js`[39m
[dotenv@17.2.3] injecting env (14) from .env -- tip: 🛠️  run anywhere with `dotenvx run -- yourcommand`
[dotenv@17.2.3] injecting env (0) from .env -- tip: 🔐 prevent committing .env to code: https://dotenvx.com/precommit
[dotenv@17.2.3] injecting env (0) from .env -- tip: ⚙️  write to custom object with { processEnv: myObject }

🚀 Backend Server Started
📡 Port: 5002
🌍 Environment: development

✅ MongoDB Connected Successfully!
📦 Database: carRental
🔗 Host: ac-fwk41tj-shard-00-00.u1yeqll.mongodb.net
GET /api/cars
Body: undefined
✅ Cached 1 cars
GET /api/cars
Body: undefined
✅ Serving from cache
GET /api/cars
Body: undefined
✅ Serving from cache
GET /api/cars
Body: undefined
✅ Serving from cache
GET /api/cars
Body: undefined
✅ Serving from cache
GET /api/cars
Body: undefined
✅ Serving from cache
GET /api/cars
Body: undefined
✅ Serving from cache
GET /api/cars
Body: undefined
✅ Serving from cache
POST /api/auth/login
Body: { email: 'thenulahansaja12@gmail.com', password: '123456' }
GET /api/cars
Body: undefined
✅ Serving from cache
GET /api/cars
Body: undefined
✅ Serving from cache
GET /api/cars
Body: undefined
✅ Serving from cache
GET /api/cars
Body: undefined
✅ Serving from cache
GET /api/bookings/booked-dates/696792c8ea9d558acec1a2a7
Body: undefined
GET /api/bookings/booked-dates/696792c8ea9d558acec1a2a7
Body: undefined
GET /api/profile
Body: undefined
GET /api/profile/bookings
Body: undefined
GET /api/profile
Body: undefined
GET /api/profile/bookings
Body: undefined
GET /api/cars
Body: undefined
✅ Serving from cache
GET /api/cars
Body: undefined
✅ Serving from cache
GET /api/bookings/booked-dates/696792c8ea9d558acec1a2a7
Body: undefined
GET /api/bookings/booked-dates/696792c8ea9d558acec1a2a7
Body: undefined
POST /api/bookings
Body: {
  fullName: 'thenula hansaja',
  email: 'thenulahansaja12@gmail.com',
  phoneNumber: '0785152303',
  whatsappNumber: '+94785152303',
  address: 'pathmagodawatta,warakapitiya, sulthanagoda',
  additionalNote: 'uyuyvybvuy',
  selectedDates: [ '2026-02-05T18:30:00.000Z' ],
  carId: '696792c8ea9d558acec1a2a7',
  carName: 'BMW I8',
  userId: null
}
POST /api/payments/create-payment-intent
Body: { amount: 46, bookingId: '69946a5fc0dbf234c9fa39e9' }
POST /api/payments/create-payment-intent
Body: { amount: 46, bookingId: '69946a5fc0dbf234c9fa39e9' }
STRIPE_SECRET_KEY not set - using demo mode
STRIPE_SECRET_KEY not set - using demo mode
POST /api/payments/confirm-payment
Body: {
  paymentIntentId: 'pi_demo_1771334240042',
  bookingId: '69946a5fc0dbf234c9fa39e9'
}
STRIPE_SECRET_KEY not set - using demo mode
✅ WhatsApp message sent: SM686040f3c504dcf903c7f24e8bb8c552
GET /api/cars
Body: undefined
✅ Serving from cache
GET /api/cars
Body: undefined
✅ Serving from cache
GET /api/profile
Body: undefined
GET /api/profile/bookings
Body: undefined
GET /api/profile
Body: undefined
GET /api/profile/bookings
Body: undefined
GET /api/profile/bookings/69946a5fc0dbf234c9fa39e9
Body: undefined
GET /api/reviews/booking/69946a5fc0dbf234c9fa39e9
Body: undefined
POST /api/auth/forgot-password
Body: { email: 'thenulahansaja12@gmail.com' }
🔄 Sending OTP 642903 to thenulahansaja12@gmail.com
EMAIL_USERNAME: undefined
EMAIL_PASSWORD exists: false
Using Ethereal transporter
✅ Email sent to thenulahansaja12@gmail.com
📧 Test email preview: https://ethereal.email/message/aZRrRFTtY5iYpxl8aZRrR8PU1TAFOPrSAAAAAZ4hO1dWGtsiWugGUjl2YiI
✅ Forgot password success for thenulahansaja12@gmail.com
GET /api/cars
Body: undefined
✅ Cached 1 cars
GET /api/cars
Body: undefined
✅ Serving from cache
GET /api/cars
Body: undefined
✅ Serving from cache
GET /api/cars
Body: undefined
✅ Serving from cache
[32m[nodemon] restarting child process[39m
[32m[nodemon] starting `node server.js`[39m
[dotenv@17.2.3] injecting env (14) from .env -- tip: ⚙️  write to custom object with { processEnv: myObject }
[dotenv@17.2.3] injecting env (0) from .env -- tip: 🔄 add secrets lifecycle management: https://dotenvx.com/ops
[dotenv@17.2.3] injecting env (0) from .env -- tip: ⚙️  write to custom object with { processEnv: myObject }

🚀 Backend Server Started
📡 Port: 5002
🌍 Environment: development

✅ MongoDB Connected Successfully!
📦 Database: carRental
🔗 Host: ac-fwk41tj-shard-00-02.u1yeqll.mongodb.net
